// Vitest Snapshot v1, https://vitest.dev/guide/snapshot.html

exports[`Floor Indicator tests > snapshot 1`] = `
{
  "asFragment": [Function],
  "baseElement": <body>
    <div>
      <div
        class="floorindicator-container"
      >
        <p
          class="floorindicator-container__name"
        >
          Elevator NO: 
        </p>
        <span
          data-testid="floor-number"
        />
        <svg
          color=""
          data-testid="up-arrow"
          fill="currentColor"
          font-size="3rem"
          height="1em"
          stroke="currentColor"
          stroke-width="0"
          viewBox="0 0 1024 1024"
          width="1em"
          xmlns="http://www.w3.org/2000/svg"
        >
          <path
            d="M1024 512C1024 229.216 794.768 0 512 0 229.216 0 0 229.216 0 512c0 282.768 229.216 512 512 512 282.768 0 512-229.232 512-512zm-960.992 0C63.008 264.976 264.976 64 512 64c247.024 0 448 200.976 448 448S759.024 960 512 960 63.008 759.024 63.008 512zm481.328 224.32V375.856l115.76 115.76c12.496 12.496 32.752 12.496 45.248 0s12.496-32.752 0-45.248l-194-189.008-194 189.008c-6.256 6.256-9.376 14.432-9.376 22.624s3.12 16.368 9.376 22.624c12.496 12.496 32.752 12.496 45.248 0l117.744-117.76V736.32c0 17.68 14.336 32 32 32s32-14.32 32-32z"
          />
        </svg>
        <svg
          data-testid="down-arrow"
          fill="currentColor"
          font-size="3rem"
          height="1em"
          stroke="currentColor"
          stroke-width="0"
          viewBox="0 0 1024 1024"
          width="1em"
          xmlns="http://www.w3.org/2000/svg"
        >
          <path
            d="M0 512c0 282.784 229.232 512 512 512 282.784 0 512-229.216 512-512C1024 229.232 794.784 0 512 0 229.232 0 0 229.232 0 512zm961.008 0c0 247.024-201.969 448-449.009 448s-448-200.976-448-448 200.976-448 448-448 449.009 200.976 449.009 448zM479.663 287.68v360.448l-115.76-115.76c-12.496-12.496-32.752-12.496-45.248 0s-12.496 32.752 0 45.248l194.016 189.008 194-189.008c6.256-6.256 9.376-14.432 9.376-22.624s-3.12-16.368-9.376-22.624c-12.496-12.496-32.752-12.496-45.248 0l-117.744 117.76V287.68c0-17.68-14.336-32-32-32s-32.016 14.32-32.016 32z"
          />
        </svg>
      </div>
    </div>
  </body>,
  "container": <div>
    <div
      class="floorindicator-container"
    >
      <p
        class="floorindicator-container__name"
      >
        Elevator NO: 
      </p>
      <span
        data-testid="floor-number"
      />
      <svg
        color=""
        data-testid="up-arrow"
        fill="currentColor"
        font-size="3rem"
        height="1em"
        stroke="currentColor"
        stroke-width="0"
        viewBox="0 0 1024 1024"
        width="1em"
        xmlns="http://www.w3.org/2000/svg"
      >
        <path
          d="M1024 512C1024 229.216 794.768 0 512 0 229.216 0 0 229.216 0 512c0 282.768 229.216 512 512 512 282.768 0 512-229.232 512-512zm-960.992 0C63.008 264.976 264.976 64 512 64c247.024 0 448 200.976 448 448S759.024 960 512 960 63.008 759.024 63.008 512zm481.328 224.32V375.856l115.76 115.76c12.496 12.496 32.752 12.496 45.248 0s12.496-32.752 0-45.248l-194-189.008-194 189.008c-6.256 6.256-9.376 14.432-9.376 22.624s3.12 16.368 9.376 22.624c12.496 12.496 32.752 12.496 45.248 0l117.744-117.76V736.32c0 17.68 14.336 32 32 32s32-14.32 32-32z"
        />
      </svg>
      <svg
        data-testid="down-arrow"
        fill="currentColor"
        font-size="3rem"
        height="1em"
        stroke="currentColor"
        stroke-width="0"
        viewBox="0 0 1024 1024"
        width="1em"
        xmlns="http://www.w3.org/2000/svg"
      >
        <path
          d="M0 512c0 282.784 229.232 512 512 512 282.784 0 512-229.216 512-512C1024 229.232 794.784 0 512 0 229.232 0 0 229.232 0 512zm961.008 0c0 247.024-201.969 448-449.009 448s-448-200.976-448-448 200.976-448 448-448 449.009 200.976 449.009 448zM479.663 287.68v360.448l-115.76-115.76c-12.496-12.496-32.752-12.496-45.248 0s-12.496 32.752 0 45.248l194.016 189.008 194-189.008c6.256-6.256 9.376-14.432 9.376-22.624s-3.12-16.368-9.376-22.624c-12.496-12.496-32.752-12.496-45.248 0l-117.744 117.76V287.68c0-17.68-14.336-32-32-32s-32.016 14.32-32.016 32z"
        />
      </svg>
    </div>
  </div>,
  "debug": [Function],
  "findAllByAltText": [Function],
  "findAllByDisplayValue": [Function],
  "findAllByLabelText": [Function],
  "findAllByPlaceholderText": [Function],
  "findAllByRole": [Function],
  "findAllByTestId": [Function],
  "findAllByText": [Function],
  "findAllByTitle": [Function],
  "findByAltText": [Function],
  "findByDisplayValue": [Function],
  "findByLabelText": [Function],
  "findByPlaceholderText": [Function],
  "findByRole": [Function],
  "findByTestId": [Function],
  "findByText": [Function],
  "findByTitle": [Function],
  "getAllByAltText": [Function],
  "getAllByDisplayValue": [Function],
  "getAllByLabelText": [Function],
  "getAllByPlaceholderText": [Function],
  "getAllByRole": [Function],
  "getAllByTestId": [Function],
  "getAllByText": [Function],
  "getAllByTitle": [Function],
  "getByAltText": [Function],
  "getByDisplayValue": [Function],
  "getByLabelText": [Function],
  "getByPlaceholderText": [Function],
  "getByRole": [Function],
  "getByTestId": [Function],
  "getByText": [Function],
  "getByTitle": [Function],
  "queryAllByAltText": [Function],
  "queryAllByDisplayValue": [Function],
  "queryAllByLabelText": [Function],
  "queryAllByPlaceholderText": [Function],
  "queryAllByRole": [Function],
  "queryAllByTestId": [Function],
  "queryAllByText": [Function],
  "queryAllByTitle": [Function],
  "queryByAltText": [Function],
  "queryByDisplayValue": [Function],
  "queryByLabelText": [Function],
  "queryByPlaceholderText": [Function],
  "queryByRole": [Function],
  "queryByTestId": [Function],
  "queryByText": [Function],
  "queryByTitle": [Function],
  "rerender": [Function],
  "store": {
    "@@observable": [Function],
    "dispatch": [Function],
    "getState": [Function],
    "replaceReducer": [Function],
    "subscribe": [Function],
  },
  "unmount": [Function],
}
`;
